============================= test session starts =============================
platform win32 -- Python 3.11.9, pytest-9.0.3, pluggy-1.6.0 -- C:\Users\chonlim\workspace\git_repos_building\generative-ai\generative-ai-image-search-application\.genai_imagesearch_venv\Scripts\python.exe
cachedir: .pytest_cache
rootdir: C:\Users\chonlim\workspace\git_repos_building\generative-ai\generative-ai-image-search-application\generative-ai-image-search-application
plugins: anyio-4.13.0
collecting ... collected 30 items

tests/test_image_search.py::TestPreprocessImage::test_rgb_passthrough PASSED [  3%]
tests/test_image_search.py::TestPreprocessImage::test_rgba_converted_to_rgb PASSED [  6%]
tests/test_image_search.py::TestPreprocessImage::test_grayscale_converted_to_rgb PASSED [ 10%]
tests/test_image_search.py::TestPreprocessImage::test_palette_converted_to_rgb PASSED [ 13%]
tests/test_image_search.py::TestPreprocessImage::test_cmyk_converted_to_rgb PASSED [ 16%]
tests/test_image_search.py::TestPreprocessImage::test_preserves_dimensions PASSED [ 20%]
tests/test_image_search.py::TestImageToBase64::test_round_trip PASSED    [ 23%]
tests/test_image_search.py::TestImageToBase64::test_returns_string PASSED [ 26%]
tests/test_image_search.py::TestImageToBase64::test_valid_base64_encoding PASSED [ 30%]
tests/test_image_search.py::TestExportResultsAsCsv::test_csv_content PASSED [ 33%]
tests/test_image_search.py::TestExportResultsAsCsv::test_filename_contains_prompt PASSED [ 36%]
tests/test_image_search.py::TestExportResultsAsCsv::test_filename_contains_timestamp PASSED [ 40%]
tests/test_image_search.py::TestExportResultsAsCsv::test_empty_results PASSED [ 43%]
tests/test_image_search.py::TestExportResultsAsCsv::test_filepath_in_temp_csv_dir PASSED [ 46%]
tests/test_image_search.py::TestExportResultsAsCsv::test_probabilities_in_csv PASSED [ 50%]
tests/test_image_search.py::TestDisplayUploadedImages::test_returns_empty_on_none PASSED [ 53%]
tests/test_image_search.py::TestDisplayUploadedImages::test_returns_empty_on_empty_list PASSED [ 56%]
tests/test_image_search.py::TestDisplayUploadedImages::test_creates_thumbnails PASSED [ 60%]
tests/test_image_search.py::TestDisplayUploadedImages::test_multiple_images PASSED [ 63%]
tests/test_image_search.py::TestDisplayUploadedImages::test_skips_invalid_files PASSED [ 66%]
tests/test_image_search.py::TestSearchImages::test_empty_file_list PASSED [ 70%]
tests/test_image_search.py::TestExportCsv::test_creates_file PASSED      [ 73%]
tests/test_image_search_yolov5.py::TestPreprocessImageYOLO::test_rgb_passthrough PASSED [ 76%]
tests/test_image_search_yolov5.py::TestPreprocessImageYOLO::test_rgba_converted_to_rgb PASSED [ 80%]
tests/test_image_search_yolov5.py::TestPreprocessImageYOLO::test_grayscale_converted_to_rgb PASSED [ 83%]
tests/test_image_search_yolov5.py::TestPreprocessImageYOLO::test_palette_converted_to_rgb PASSED [ 86%]
tests/test_image_search_yolov5.py::TestPreprocessImageYOLO::test_cmyk_converted_to_rgb PASSED [ 90%]
tests/test_image_search_yolov5.py::TestPreprocessImageYOLO::test_preserves_dimensions PASSED [ 93%]
tests/test_image_search_yolov5.py::TestDetectObjects::test_calls_yolo_model PASSED [ 96%]
tests/test_image_search_yolov5.py::TestSearchImagesYOLO::test_empty_file_list PASSED [100%]

============================= 30 passed in 15.54s =============================
